// Jest Snapshot v1, https://goo.gl/fbAQLP

exports[`default text input a11y: toMatchA11ySnapshot 1`] = `
"role: WebArea
children:
  -
    role: GenericContainer
    children:
      -
        role: Label
        children:
          -
            role: textbox
            name: test
          -
            role: text
            name: test
"
`;
